[azim.commonsupport.com/Losalamos/index.html]
[backblue.gif]
[fade.gif]
[index.html]
[azim.commonsupport.com/Losalamos/assets/images/favicon.ico]
[azim.commonsupport.com/Losalamos/assets/css/font-awesome-all.css]
[azim.commonsupport.com/Losalamos/assets/css/flaticon.css]
[azim.commonsupport.com/Losalamos/assets/css/owl.css]
[azim.commonsupport.com/Losalamos/assets/css/bootstrap.css]
[azim.commonsupport.com/Losalamos/assets/css/jquery.fancybox.min.css]
[azim.commonsupport.com/Losalamos/assets/css/animate.css]
[azim.commonsupport.com/Losalamos/assets/css/color/theme-color.css]
[azim.commonsupport.com/Losalamos/assets/css/switcher-style.css]
[azim.commonsupport.com/Losalamos/assets/css/style.css]
[azim.commonsupport.com/Losalamos/assets/css/responsive.css]
[azim.commonsupport.com/Losalamos/assets/images/logo.png]
[azim.commonsupport.com/Losalamos/index-2.html]
[azim.commonsupport.com/Losalamos/index-3.html]
[azim.commonsupport.com/Losalamos/index-4.html]
[azim.commonsupport.com/Losalamos/index-5.html]
[azim.commonsupport.com/Losalamos/index-rtl.html]
[azim.commonsupport.com/Losalamos/index-onepage.html]
[azim.commonsupport.com/Losalamos/service.html]
[azim.commonsupport.com/Losalamos/service-details.html]
[azim.commonsupport.com/Losalamos/research.html]
[azim.commonsupport.com/Losalamos/research-details.html]
[azim.commonsupport.com/Losalamos/books.html]
[azim.commonsupport.com/Losalamos/error.html]
[azim.commonsupport.com/Losalamos/team.html]
[azim.commonsupport.com/Losalamos/team-details.html]
[azim.commonsupport.com/Losalamos/about-element-1.html]
[azim.commonsupport.com/Losalamos/about-element-2.html]
[azim.commonsupport.com/Losalamos/about-element-3.html]
[azim.commonsupport.com/Losalamos/about-element-4.html]
[azim.commonsupport.com/Losalamos/counter-element-1.html]
[azim.commonsupport.com/Losalamos/counter-element-2.html]
[azim.commonsupport.com/Losalamos/counter-element-3.html]
[azim.commonsupport.com/Losalamos/counter-element-4.html]
[azim.commonsupport.com/Losalamos/service-element-1.html]
[azim.commonsupport.com/Losalamos/service-element-2.html]
[azim.commonsupport.com/Losalamos/service-element-3.html]
[azim.commonsupport.com/Losalamos/service-element-4.html]
[azim.commonsupport.com/Losalamos/technology-element.html]
[azim.commonsupport.com/Losalamos/skills-element-1.html]
[azim.commonsupport.com/Losalamos/skills-element-2.html]
[azim.commonsupport.com/Losalamos/appointment-element.html]
[azim.commonsupport.com/Losalamos/news-element-1.html]
[azim.commonsupport.com/Losalamos/news-element-2.html]
[azim.commonsupport.com/Losalamos/news-element-3.html]
[azim.commonsupport.com/Losalamos/news-element-4.html]
[azim.commonsupport.com/Losalamos/news-element-5.html]
[azim.commonsupport.com/Losalamos/intro-element-1.html]
[azim.commonsupport.com/Losalamos/intro-element-2.html]
[azim.commonsupport.com/Losalamos/faq-element.html]
[azim.commonsupport.com/Losalamos/team-element-1.html]
[azim.commonsupport.com/Losalamos/team-element-2.html]
[azim.commonsupport.com/Losalamos/working-element-1.html]
[azim.commonsupport.com/Losalamos/working-element-2.html]
[azim.commonsupport.com/Losalamos/project-element-1.html]
[azim.commonsupport.com/Losalamos/project-element-2.html]
[azim.commonsupport.com/Losalamos/project-element-3.html]
[azim.commonsupport.com/Losalamos/testimonial-element.html]
[azim.commonsupport.com/Losalamos/blog.html]
[azim.commonsupport.com/Losalamos/blog-details.html]
[azim.commonsupport.com/Losalamos/contact.html]
[azim.commonsupport.com/Losalamos/assets/images/small-logo.png]
[azim.commonsupport.com/Losalamos/assets/images/mobile-logo.png]
[azim.commonsupport.com/Losalamos/assets/images/banner/banner-1.jpg]
[azim.commonsupport.com/Losalamos/assets/images/banner/banner-2.jpg]
[azim.commonsupport.com/Losalamos/assets/images/banner/banner-3.jpg]
[azim.commonsupport.com/Losalamos/assets/images/resource/intro-1.jpg]
[azim.commonsupport.com/Losalamos/assets/images/shape/shape-1.png]
[azim.commonsupport.com/Losalamos/assets/images/resource/about-1.jpg]
[azim.commonsupport.com/Losalamos/assets/images/shape/shape-2.png]
[azim.commonsupport.com/Losalamos/assets/images/service/service-1.jpg]
[azim.commonsupport.com/Losalamos/assets/images/service/service-2.jpg]
[azim.commonsupport.com/Losalamos/assets/images/service/service-3.jpg]
[azim.commonsupport.com/Losalamos/assets/images/shape/shape-3.png]
[azim.commonsupport.com/Losalamos/assets/images/background/video-1.jpg]
[azim.commonsupport.com/Losalamos/assets/images/background/experience-1.jpg]
[azim.commonsupport.com/Losalamos/assets/images/shape/shape-4.png]
[azim.commonsupport.com/Losalamos/assets/images/resource/testimonial-1.jpg]
[azim.commonsupport.com/Losalamos/assets/images/resource/testimonial-2.jpg]
[azim.commonsupport.com/Losalamos/assets/images/clients/brand-1.png]
[azim.commonsupport.com/Losalamos/assets/images/clients/overlay-brand-1.png]
[azim.commonsupport.com/Losalamos/assets/images/clients/brand-2.png]
[azim.commonsupport.com/Losalamos/assets/images/clients/overlay-brand-2.png]
[azim.commonsupport.com/Losalamos/assets/images/clients/brand-3.png]
[azim.commonsupport.com/Losalamos/assets/images/clients/overlay-brand-3.png]
[azim.commonsupport.com/Losalamos/assets/images/clients/brand-4.png]
[azim.commonsupport.com/Losalamos/assets/images/clients/overlay-brand-4.png]
[azim.commonsupport.com/Losalamos/assets/images/clients/brand-5.png]
[azim.commonsupport.com/Losalamos/assets/images/clients/overlay-brand-5.png]
[azim.commonsupport.com/Losalamos/assets/images/news/news-1.jpg]
[azim.commonsupport.com/Losalamos/assets/images/news/news-2.jpg]
[azim.commonsupport.com/Losalamos/assets/images/news/news-3.jpg]
[azim.commonsupport.com/Losalamos/assets/images/shape/shape-5.png]
[azim.commonsupport.com/Losalamos/assets/images/footer-logo.png]
[azim.commonsupport.com/Losalamos/assets/images/resource/post-1.jpg]
[azim.commonsupport.com/Losalamos/assets/images/resource/post-2.jpg]
[azim.commonsupport.com/Losalamos/assets/js/popper.min.js]
[azim.commonsupport.com/Losalamos/assets/js/jquery.js]
[azim.commonsupport.com/Losalamos/assets/js/bootstrap.min.js]
[azim.commonsupport.com/Losalamos/assets/js/wow.js]
[azim.commonsupport.com/Losalamos/assets/js/owl.js]
[azim.commonsupport.com/Losalamos/assets/js/validation.js]
[azim.commonsupport.com/Losalamos/assets/js/appear.js]
[azim.commonsupport.com/Losalamos/assets/js/jquery.countTo.js]
[azim.commonsupport.com/Losalamos/assets/js/scrollbar.js]
[azim.commonsupport.com/Losalamos/assets/js/jquery.fancybox.js]
[azim.commonsupport.com/Losalamos/assets/js/tilt.jquery.js]
[azim.commonsupport.com/Losalamos/assets/js/jQuery.style.switcher.min.js]
[azim.commonsupport.com/Losalamos/index.html]
[azim.commonsupport.com/Losalamos/assets/js/script.js]
[azim.commonsupport.com/Losalamos/assets/fonts/fa-brands-400.woff2]
[azim.commonsupport.com/Losalamos/assets/fonts/fa-brands-400.woff]
[azim.commonsupport.com/Losalamos/assets/fonts/fa-brands-400.eot]
[azim.commonsupport.com/Losalamos/assets/fonts/fa-brands-400d41d.eot]
[azim.commonsupport.com/Losalamos/assets/fonts/fa-brands-400.svg]
[azim.commonsupport.com/Losalamos/assets/fonts/fa-regular-400.eot]
[azim.commonsupport.com/Losalamos/assets/fonts/fa-regular-400.woff2]
[azim.commonsupport.com/Losalamos/assets/fonts/fa-regular-400d41d.eot]
[azim.commonsupport.com/Losalamos/assets/fonts/fa-regular-400.woff]
[azim.commonsupport.com/Losalamos/assets/fonts/fa-brands-400.ttf]
[azim.commonsupport.com/Losalamos/assets/fonts/fa-regular-400.svg]
[azim.commonsupport.com/Losalamos/assets/fonts/fa-regular-400.ttf]
[azim.commonsupport.com/Losalamos/assets/fonts/fa-solid-900.woff2]
[azim.commonsupport.com/Losalamos/assets/fonts/fa-solid-900.woff]
[azim.commonsupport.com/Losalamos/assets/fonts/fa-solid-900.eot]
[azim.commonsupport.com/Losalamos/assets/fonts/fa-solid-900d41d.eot]
[azim.commonsupport.com/Losalamos/assets/css/font-awesome-all.css]
[azim.commonsupport.com/Losalamos/assets/fonts/fa-solid-900.svg]
[azim.commonsupport.com/Losalamos/assets/fonts/Flaticon.eot]
[azim.commonsupport.com/Losalamos/assets/fonts/Flaticon.woff2]
[azim.commonsupport.com/Losalamos/assets/fonts/Flaticond41d.eot]
[azim.commonsupport.com/Losalamos/assets/fonts/Flaticon.woff]
[azim.commonsupport.com/Losalamos/assets/fonts/fa-solid-900.ttf]
[azim.commonsupport.com/Losalamos/assets/css/flaticon.css]
[azim.commonsupport.com/Losalamos/assets/fonts/Flaticon.svg]
[azim.commonsupport.com/Losalamos/assets/fonts/Flaticon.ttf]
[azim.commonsupport.com/Losalamos/assets/css/owl.css]
[azim.commonsupport.com/Losalamos/assets/css/bootstrap.css]
[azim.commonsupport.com/Losalamos/assets/css/jquery.fancybox.min.css]
[azim.commonsupport.com/Losalamos/assets/css/animate.css]
[azim.commonsupport.com/Losalamos/assets/css/color/theme-color.css]
[azim.commonsupport.com/Losalamos/assets/css/switcher-style.css]
[azim.commonsupport.com/Losalamos/assets/css/style.css]
[azim.commonsupport.com/Losalamos/assets/css/responsive.css]
[azim.commonsupport.com/Losalamos/assets/images/logo-2.png]
[azim.commonsupport.com/Losalamos/assets/images/banner/banner-4.jpg]
[azim.commonsupport.com/Losalamos/assets/images/banner/banner-5.jpg]
[azim.commonsupport.com/Losalamos/assets/images/banner/banner-6.jpg]
[azim.commonsupport.com/Losalamos/assets/images/shape/shape-6.png]
[azim.commonsupport.com/Losalamos/assets/images/resource/about-2.jpg]
[azim.commonsupport.com/Losalamos/assets/images/shape/shape-7.png]
[azim.commonsupport.com/Losalamos/assets/images/team/team-1.jpg]
[azim.commonsupport.com/Losalamos/assets/images/team/team-2.jpg]
[azim.commonsupport.com/Losalamos/assets/images/team/team-3.jpg]
[azim.commonsupport.com/Losalamos/assets/images/team/team-4.jpg]
[azim.commonsupport.com/Losalamos/assets/images/shape/shape-8.png]
[azim.commonsupport.com/Losalamos/assets/images/resource/faq-1.jpg]
[azim.commonsupport.com/Losalamos/assets/images/shape/shape-9.png]
[azim.commonsupport.com/Losalamos/assets/images/news/news-4.jpg]
[azim.commonsupport.com/Losalamos/assets/images/news/news-5.jpg]
[azim.commonsupport.com/Losalamos/assets/images/news/news-6.jpg]
[azim.commonsupport.com/Losalamos/index-2.html]
[azim.commonsupport.com/Losalamos/assets/images/resource/about-3.jpg]
[azim.commonsupport.com/Losalamos/assets/images/icons/signature-1.png]
[azim.commonsupport.com/Losalamos/assets/images/resource/microscope-1.png]
[azim.commonsupport.com/Losalamos/assets/images/service/service-4.jpg]
[azim.commonsupport.com/Losalamos/assets/images/gallery/project-1.jpg]
[azim.commonsupport.com/Losalamos/assets/images/gallery/project-2.jpg]
[azim.commonsupport.com/Losalamos/assets/images/gallery/project-3.jpg]
[azim.commonsupport.com/Losalamos/assets/images/gallery/project-4.jpg]
[azim.commonsupport.com/Losalamos/assets/images/gallery/project-5.jpg]
[azim.commonsupport.com/Losalamos/index-3.html]
[azim.commonsupport.com/Losalamos/assets/images/gallery/project-6.jpg]
[azim.commonsupport.com/Losalamos/assets/images/logo-3.png]
[azim.commonsupport.com/Losalamos/assets/images/small-logo-2.png]
[azim.commonsupport.com/Losalamos/assets/images/banner/banner-7.jpg]
[azim.commonsupport.com/Losalamos/assets/images/service/service-5.jpg]
[azim.commonsupport.com/Losalamos/assets/images/service/service-6.jpg]
[azim.commonsupport.com/Losalamos/assets/images/service/service-7.jpg]
[azim.commonsupport.com/Losalamos/assets/images/shape/shape-10.png]
[azim.commonsupport.com/Losalamos/index-4.html]
[azim.commonsupport.com/Losalamos/assets/images/background/video-2.jpg]
[azim.commonsupport.com/Losalamos/assets/images/logo-4.png]
[azim.commonsupport.com/Losalamos/assets/images/shape/shape-11.png]
[azim.commonsupport.com/Losalamos/assets/images/shape/shape-12.png]
[azim.commonsupport.com/Losalamos/assets/images/resource/about-4.jpg]
[azim.commonsupport.com/Losalamos/assets/images/shape/shape-13.png]
[azim.commonsupport.com/Losalamos/assets/images/gallery/project-7.jpg]
[azim.commonsupport.com/Losalamos/assets/images/gallery/project-8.jpg]
[azim.commonsupport.com/Losalamos/assets/images/gallery/project-9.jpg]
[azim.commonsupport.com/Losalamos/assets/images/background/shediul-bg.jpg]
[azim.commonsupport.com/Losalamos/index-5.html]
[azim.commonsupport.com/Losalamos/index-rtl.html]
[azim.commonsupport.com/Losalamos/assets/images/resource/women-1.png]
[azim.commonsupport.com/Losalamos/assets/js/pagenav.js]
[azim.commonsupport.com/Losalamos/index-onepage.html]
[azim.commonsupport.com/Losalamos/assets/images/background/page-title.jpg]
[azim.commonsupport.com/Losalamos/assets/images/service/service-8.jpg]
[azim.commonsupport.com/Losalamos/assets/images/service/service-9.jpg]
[azim.commonsupport.com/Losalamos/assets/images/service/service-10.jpg]
[azim.commonsupport.com/Losalamos/service.html]
[azim.commonsupport.com/Losalamos/assets/images/service/service-11.jpg]
[azim.commonsupport.com/Losalamos/service-details.html]
[azim.commonsupport.com/Losalamos/assets/images/service/service-12.jpg]
[azim.commonsupport.com/Losalamos/research.html]
[azim.commonsupport.com/Losalamos/assets/images/gallery/project-10.jpg]
[azim.commonsupport.com/Losalamos/assets/images/gallery/project-11.jpg]
[azim.commonsupport.com/Losalamos/research-details.html]
[azim.commonsupport.com/Losalamos/assets/images/resource/book-1.jpg]
[azim.commonsupport.com/Losalamos/assets/images/resource/book-2.jpg]
[azim.commonsupport.com/Losalamos/assets/images/resource/book-3.jpg]
[azim.commonsupport.com/Losalamos/assets/images/resource/book-4.jpg]
[azim.commonsupport.com/Losalamos/assets/images/resource/book-5.jpg]
[azim.commonsupport.com/Losalamos/assets/images/resource/book-6.jpg]
[azim.commonsupport.com/Losalamos/assets/images/resource/book-7.jpg]
[azim.commonsupport.com/Losalamos/assets/images/resource/book-8.jpg]
[azim.commonsupport.com/Losalamos/books.html]
[azim.commonsupport.com/Losalamos/error.html]
[azim.commonsupport.com/Losalamos/assets/images/team/team-5.jpg]
[azim.commonsupport.com/Losalamos/assets/images/team/team-6.jpg]
[azim.commonsupport.com/Losalamos/assets/images/team/team-7.jpg]
[azim.commonsupport.com/Losalamos/team.html]
[azim.commonsupport.com/Losalamos/assets/images/team/team-8.jpg]
[azim.commonsupport.com/Losalamos/team-details.html]
[azim.commonsupport.com/Losalamos/assets/images/team/team-9.jpg]
[azim.commonsupport.com/Losalamos/assets/images/background/page-title-2.jpg]
[azim.commonsupport.com/Losalamos/assets/js/gmaps.js]
[azim.commonsupport.com/Losalamos/assets/js/map-helper.js]
[azim.commonsupport.com/Losalamos/about-element-1.html]
[azim.commonsupport.com/Losalamos/about-element-2.html]
[azim.commonsupport.com/Losalamos/about-element-3.html]
[azim.commonsupport.com/Losalamos/about-element-4.html]
[azim.commonsupport.com/Losalamos/counter-element-1.html]
[azim.commonsupport.com/Losalamos/counter-element-2.html]
[azim.commonsupport.com/Losalamos/counter-element-3.html]
[azim.commonsupport.com/Losalamos/counter-element-4.html]
[azim.commonsupport.com/Losalamos/service-element-1.html]
[azim.commonsupport.com/Losalamos/service-element-2.html]
[azim.commonsupport.com/Losalamos/service-element-3.html]
[azim.commonsupport.com/Losalamos/service-element-4.html]
[azim.commonsupport.com/Losalamos/technology-element.html]
[azim.commonsupport.com/Losalamos/skills-element-1.html]
[azim.commonsupport.com/Losalamos/skills-element-2.html]
[azim.commonsupport.com/Losalamos/appointment-element.html]
[azim.commonsupport.com/Losalamos/news-element-1.html]
[azim.commonsupport.com/Losalamos/news-element-2.html]
[azim.commonsupport.com/Losalamos/news-element-3.html]
[azim.commonsupport.com/Losalamos/news-element-4.html]
[azim.commonsupport.com/Losalamos/news-element-5.html]
[azim.commonsupport.com/Losalamos/intro-element-1.html]
[azim.commonsupport.com/Losalamos/intro-element-2.html]
[azim.commonsupport.com/Losalamos/faq-element.html]
[azim.commonsupport.com/Losalamos/team-element-1.html]
[azim.commonsupport.com/Losalamos/team-element-2.html]
[azim.commonsupport.com/Losalamos/working-element-1.html]
[azim.commonsupport.com/Losalamos/working-element-2.html]
[azim.commonsupport.com/Losalamos/project-element-1.html]
[azim.commonsupport.com/Losalamos/project-element-2.html]
[azim.commonsupport.com/Losalamos/project-element-3.html]
[azim.commonsupport.com/Losalamos/testimonial-element.html]
[azim.commonsupport.com/Losalamos/assets/images/news/news-7.jpg]
[azim.commonsupport.com/Losalamos/assets/images/news/news-8.jpg]
[azim.commonsupport.com/Losalamos/assets/images/news/news-9.jpg]
[azim.commonsupport.com/Losalamos/assets/images/news/news-10.jpg]
[azim.commonsupport.com/Losalamos/assets/images/news/post-1.jpg]
[azim.commonsupport.com/Losalamos/assets/images/news/post-2.jpg]
[azim.commonsupport.com/Losalamos/blog.html]
[azim.commonsupport.com/Losalamos/assets/images/news/post-3.jpg]
[azim.commonsupport.com/Losalamos/assets/images/news/news-11.jpg]
[azim.commonsupport.com/Losalamos/assets/images/news/comment-1.jpg]
[azim.commonsupport.com/Losalamos/assets/images/news/comment-2.jpg]
[azim.commonsupport.com/Losalamos/blog-details.html]
[azim.commonsupport.com/Losalamos/assets/images/news/comment-3.jpg]
[azim.commonsupport.com/Losalamos/contact.html]
[azim.commonsupport.com/Losalamos/assets/fonts/fa-brands-400.svg]
[azim.commonsupport.com/Losalamos/assets/fonts/fa-regular-400.svg]
[azim.commonsupport.com/Losalamos/assets/fonts/fa-solid-900.svg]
[azim.commonsupport.com/Losalamos/assets/fonts/Flaticon.svg]
[azim.commonsupport.com/Losalamos/assets/css/owl.video.play.html]
[azim.commonsupport.com/Losalamos/resource.html]
[azim.commonsupport.com/Losalamos/assets/images/icons/map-marker.png]
